This is pdfTeX, Version 3.141592653-2.6-1.40.27 (TeX Live 2025) (preloaded format=pdflatex 2025.4.16)  1 MAY 2025 13:28
entering extended mode
 restricted \write18 enabled.
 %&-line parsing enabled.
**Report.tex
(./Report.tex
LaTeX2e <2024-11-01> patch level 2
L3 programming layer <2025-03-26>
(c:/texlive/2025/texmf-dist/tex/latex/base/article.cls
Document Class: article 2024/06/29 v1.4n Standard LaTeX document class
(c:/texlive/2025/texmf-dist/tex/latex/base/size10.clo
File: size10.clo 2024/06/29 v1.4n Standard LaTeX file (size option)
)
\c@part=\count197
\c@section=\count198
\c@subsection=\count199
\c@subsubsection=\count266
\c@paragraph=\count267
\c@subparagraph=\count268
\c@figure=\count269
\c@table=\count270
\abovecaptionskip=\skip49
\belowcaptionskip=\skip50
\bibindent=\dimen146
)
(c:/texlive/2025/texmf-dist/tex/latex/amsmath/amsmath.sty
Package: amsmath 2024/11/05 v2.17t AMS math features
\@mathmargin=\skip51

For additional information on amsmath, use the `?' option.
(c:/texlive/2025/texmf-dist/tex/latex/amsmath/amstext.sty
Package: amstext 2021/08/26 v2.01 AMS text

(c:/texlive/2025/texmf-dist/tex/latex/amsmath/amsgen.sty
File: amsgen.sty 1999/11/30 v2.0 generic functions
\@emptytoks=\toks17
\ex@=\dimen147
))
(c:/texlive/2025/texmf-dist/tex/latex/amsmath/amsbsy.sty
Package: amsbsy 1999/11/29 v1.2d Bold Symbols
\pmbraise@=\dimen148
)
(c:/texlive/2025/texmf-dist/tex/latex/amsmath/amsopn.sty
Package: amsopn 2022/04/08 v2.04 operator names
)
\inf@bad=\count271
LaTeX Info: Redefining \frac on input line 233.
\uproot@=\count272
\leftroot@=\count273
LaTeX Info: Redefining \overline on input line 398.
LaTeX Info: Redefining \colon on input line 409.
\classnum@=\count274
\DOTSCASE@=\count275
LaTeX Info: Redefining \ldots on input line 495.
LaTeX Info: Redefining \dots on input line 498.
LaTeX Info: Redefining \cdots on input line 619.
\Mathstrutbox@=\box53
\strutbox@=\box54
LaTeX Info: Redefining \big on input line 721.
LaTeX Info: Redefining \Big on input line 722.
LaTeX Info: Redefining \bigg on input line 723.
LaTeX Info: Redefining \Bigg on input line 724.
\big@size=\dimen149
LaTeX Font Info:    Redeclaring font encoding OML on input line 742.
LaTeX Font Info:    Redeclaring font encoding OMS on input line 743.
\macc@depth=\count276
LaTeX Info: Redefining \bmod on input line 904.
LaTeX Info: Redefining \pmod on input line 909.
LaTeX Info: Redefining \smash on input line 939.
LaTeX Info: Redefining \relbar on input line 969.
LaTeX Info: Redefining \Relbar on input line 970.
\c@MaxMatrixCols=\count277
\dotsspace@=\muskip17
\c@parentequation=\count278
\dspbrk@lvl=\count279
\tag@help=\toks18
\row@=\count280
\column@=\count281
\maxfields@=\count282
\andhelp@=\toks19
\eqnshift@=\dimen150
\alignsep@=\dimen151
\tagshift@=\dimen152
\tagwidth@=\dimen153
\totwidth@=\dimen154
\lineht@=\dimen155
\@envbody=\toks20
\multlinegap=\skip52
\multlinetaggap=\skip53
\mathdisplay@stack=\toks21
LaTeX Info: Redefining \[ on input line 2953.
LaTeX Info: Redefining \] on input line 2954.
)
(c:/texlive/2025/texmf-dist/tex/latex/amsfonts/amsfonts.sty
Package: amsfonts 2013/01/14 v3.01 Basic AMSFonts support
\symAMSa=\mathgroup4
\symAMSb=\mathgroup5
LaTeX Font Info:    Redeclaring math symbol \hbar on input line 98.
LaTeX Font Info:    Overwriting math alphabet `\mathfrak' in version `bold'
(Font)                  U/euf/m/n --> U/euf/b/n on input line 106.
)
(c:/texlive/2025/texmf-dist/tex/latex/graphics/graphicx.sty
Package: graphicx 2021/09/16 v1.2d Enhanced LaTeX Graphics (DPC,SPQR)

(c:/texlive/2025/texmf-dist/tex/latex/graphics/keyval.sty
Package: keyval 2022/05/29 v1.15 key=value parser (DPC)
\KV@toks@=\toks22
)
(c:/texlive/2025/texmf-dist/tex/latex/graphics/graphics.sty
Package: graphics 2024/08/06 v1.4g Standard LaTeX Graphics (DPC,SPQR)

(c:/texlive/2025/texmf-dist/tex/latex/graphics/trig.sty
Package: trig 2023/12/02 v1.11 sin cos tan (DPC)
)
(c:/texlive/2025/texmf-dist/tex/latex/graphics-cfg/graphics.cfg
File: graphics.cfg 2016/06/04 v1.11 sample graphics configuration
)
Package graphics Info: Driver file: pdftex.def on input line 106.

(c:/texlive/2025/texmf-dist/tex/latex/graphics-def/pdftex.def
File: pdftex.def 2024/04/13 v1.2c Graphics/color driver for pdftex
))
\Gin@req@height=\dimen156
\Gin@req@width=\dimen157
)
(c:/texlive/2025/texmf-dist/tex/latex/algorithms/algorithm.sty
Package: algorithm 2009/08/24 v0.1 Document Style `algorithm' - floating enviro
nment

(c:/texlive/2025/texmf-dist/tex/latex/float/float.sty
Package: float 2001/11/08 v1.3d Float enhancements (AL)
\c@float@type=\count283
\float@exts=\toks23
\float@box=\box55
\@float@everytoks=\toks24
\@floatcapt=\box56
)
(c:/texlive/2025/texmf-dist/tex/latex/base/ifthen.sty
Package: ifthen 2024/03/16 v1.1e Standard LaTeX ifthen package (DPC)
)
\@float@every@algorithm=\toks25
\c@algorithm=\count284
)
(c:/texlive/2025/texmf-dist/tex/latex/caption/caption.sty
Package: caption 2023/08/05 v3.6o Customizing captions (AR)

(c:/texlive/2025/texmf-dist/tex/latex/caption/caption3.sty
Package: caption3 2023/07/31 v2.4d caption3 kernel (AR)
\caption@tempdima=\dimen158
\captionmargin=\dimen159
\caption@leftmargin=\dimen160
\caption@rightmargin=\dimen161
\caption@width=\dimen162
\caption@indent=\dimen163
\caption@parindent=\dimen164
\caption@hangindent=\dimen165
Package caption Info: Standard document class detected.
)
\c@caption@flags=\count285
\c@continuedfloat=\count286
Package caption Info: float package is loaded.
)
(c:/texlive/2025/texmf-dist/tex/latex/algorithmicx/algpseudocode.sty
Package: algpseudocode 

(c:/texlive/2025/texmf-dist/tex/latex/algorithmicx/algorithmicx.sty
Package: algorithmicx 2005/04/27 v1.2 Algorithmicx

Document Style algorithmicx 1.2 - a greatly improved `algorithmic' style
\c@ALG@line=\count287
\c@ALG@rem=\count288
\c@ALG@nested=\count289
\ALG@tlm=\skip54
\ALG@thistlm=\skip55
\c@ALG@Lnr=\count290
\c@ALG@blocknr=\count291
\c@ALG@storecount=\count292
\c@ALG@tmpcounter=\count293
\ALG@tmplength=\skip56
)
Document Style - pseudocode environments for use with the `algorithmicx' style
) (c:/texlive/2025/texmf-dist/tex/latex/hyperref/hyperref.sty
Package: hyperref 2024-11-05 v7.01l Hypertext links for LaTeX

(c:/texlive/2025/texmf-dist/tex/generic/iftex/iftex.sty
Package: iftex 2024/12/12 v1.0g TeX engine tests
)
(c:/texlive/2025/texmf-dist/tex/latex/kvsetkeys/kvsetkeys.sty
Package: kvsetkeys 2022-10-05 v1.19 Key value parser (HO)
)
(c:/texlive/2025/texmf-dist/tex/generic/kvdefinekeys/kvdefinekeys.sty
Package: kvdefinekeys 2019-12-19 v1.6 Define keys (HO)
)
(c:/texlive/2025/texmf-dist/tex/generic/pdfescape/pdfescape.sty
Package: pdfescape 2019/12/09 v1.15 Implements pdfTeX's escape features (HO)

(c:/texlive/2025/texmf-dist/tex/generic/ltxcmds/ltxcmds.sty
Package: ltxcmds 2023-12-04 v1.26 LaTeX kernel commands for general use (HO)
)
(c:/texlive/2025/texmf-dist/tex/generic/pdftexcmds/pdftexcmds.sty
Package: pdftexcmds 2020-06-27 v0.33 Utility functions of pdfTeX for LuaTeX (HO
)

(c:/texlive/2025/texmf-dist/tex/generic/infwarerr/infwarerr.sty
Package: infwarerr 2019/12/03 v1.5 Providing info/warning/error messages (HO)
)
Package pdftexcmds Info: \pdf@primitive is available.
Package pdftexcmds Info: \pdf@ifprimitive is available.
Package pdftexcmds Info: \pdfdraftmode found.
))
(c:/texlive/2025/texmf-dist/tex/latex/hycolor/hycolor.sty
Package: hycolor 2020-01-27 v1.10 Color options for hyperref/bookmark (HO)
)
(c:/texlive/2025/texmf-dist/tex/latex/hyperref/nameref.sty
Package: nameref 2023-11-26 v2.56 Cross-referencing by name of section

(c:/texlive/2025/texmf-dist/tex/latex/refcount/refcount.sty
Package: refcount 2019/12/15 v3.6 Data extraction from label references (HO)
)
(c:/texlive/2025/texmf-dist/tex/generic/gettitlestring/gettitlestring.sty
Package: gettitlestring 2019/12/15 v1.6 Cleanup title references (HO)

(c:/texlive/2025/texmf-dist/tex/latex/kvoptions/kvoptions.sty
Package: kvoptions 2022-06-15 v3.15 Key value format for package options (HO)
))
\c@section@level=\count294
)
(c:/texlive/2025/texmf-dist/tex/latex/etoolbox/etoolbox.sty
Package: etoolbox 2025/02/11 v2.5l e-TeX tools for LaTeX (JAW)
\etb@tempcnta=\count295
)
(c:/texlive/2025/texmf-dist/tex/generic/stringenc/stringenc.sty
Package: stringenc 2019/11/29 v1.12 Convert strings between diff. encodings (HO
)
)
\@linkdim=\dimen166
\Hy@linkcounter=\count296
\Hy@pagecounter=\count297

(c:/texlive/2025/texmf-dist/tex/latex/hyperref/pd1enc.def
File: pd1enc.def 2024-11-05 v7.01l Hyperref: PDFDocEncoding definition (HO)
Now handling font encoding PD1 ...
... no UTF-8 mapping file for font encoding PD1
)
(c:/texlive/2025/texmf-dist/tex/generic/intcalc/intcalc.sty
Package: intcalc 2019/12/15 v1.3 Expandable calculations with integers (HO)
)
\Hy@SavedSpaceFactor=\count298

(c:/texlive/2025/texmf-dist/tex/latex/hyperref/puenc.def
File: puenc.def 2024-11-05 v7.01l Hyperref: PDF Unicode definition (HO)
Now handling font encoding PU ...
... no UTF-8 mapping file for font encoding PU
)
Package hyperref Info: Hyper figures OFF on input line 4157.
Package hyperref Info: Link nesting OFF on input line 4162.
Package hyperref Info: Hyper index ON on input line 4165.
Package hyperref Info: Plain pages OFF on input line 4172.
Package hyperref Info: Backreferencing OFF on input line 4177.
Package hyperref Info: Implicit mode ON; LaTeX internals redefined.
Package hyperref Info: Bookmarks ON on input line 4424.
\c@Hy@tempcnt=\count299

(c:/texlive/2025/texmf-dist/tex/latex/url/url.sty
\Urlmuskip=\muskip18
Package: url 2013/09/16  ver 3.4  Verb mode for urls, etc.
)
LaTeX Info: Redefining \url on input line 4763.
\XeTeXLinkMargin=\dimen167

(c:/texlive/2025/texmf-dist/tex/generic/bitset/bitset.sty
Package: bitset 2019/12/09 v1.3 Handle bit-vector datatype (HO)

(c:/texlive/2025/texmf-dist/tex/generic/bigintcalc/bigintcalc.sty
Package: bigintcalc 2019/12/15 v1.5 Expandable calculations on big integers (HO
)
))
\Fld@menulength=\count300
\Field@Width=\dimen168
\Fld@charsize=\dimen169
Package hyperref Info: Hyper figures OFF on input line 6042.
Package hyperref Info: Link nesting OFF on input line 6047.
Package hyperref Info: Hyper index ON on input line 6050.
Package hyperref Info: backreferencing OFF on input line 6057.
Package hyperref Info: Link coloring OFF on input line 6062.
Package hyperref Info: Link coloring with OCG OFF on input line 6067.
Package hyperref Info: PDF/A mode OFF on input line 6072.

(c:/texlive/2025/texmf-dist/tex/latex/base/atbegshi-ltx.sty
Package: atbegshi-ltx 2021/01/10 v1.0c Emulation of the original atbegshi
package with kernel methods
)
\Hy@abspage=\count301
\c@Item=\count302
\c@Hfootnote=\count303
)
Package hyperref Info: Driver (autodetected): hpdftex.

(c:/texlive/2025/texmf-dist/tex/latex/hyperref/hpdftex.def
File: hpdftex.def 2024-11-05 v7.01l Hyperref driver for pdfTeX

(c:/texlive/2025/texmf-dist/tex/latex/base/atveryend-ltx.sty
Package: atveryend-ltx 2020/08/19 v1.0a Emulation of the original atveryend pac
kage
with kernel methods
)
\Fld@listcount=\count304
\c@bookmark@seq@number=\count305

(c:/texlive/2025/texmf-dist/tex/latex/rerunfilecheck/rerunfilecheck.sty
Package: rerunfilecheck 2022-07-10 v1.10 Rerun checks for auxiliary files (HO)

(c:/texlive/2025/texmf-dist/tex/generic/uniquecounter/uniquecounter.sty
Package: uniquecounter 2019/12/15 v1.4 Provide unlimited unique counter (HO)
)
Package uniquecounter Info: New unique counter `rerunfilecheck' on input line 2
85.
)
\Hy@SectionHShift=\skip57
)
Package hyperref Info: Option `colorlinks' set `true' on input line 30.

(c:/texlive/2025/texmf-dist/tex/latex/natbib/natbib.sty
Package: natbib 2010/09/13 8.31b (PWD, AO)
\bibhang=\skip58
\bibsep=\skip59
LaTeX Info: Redefining \cite on input line 694.
\c@NAT@ctr=\count306
)
(c:/texlive/2025/texmf-dist/tex/latex/ragged2e/ragged2e.sty
Package: ragged2e 2023/06/22 v3.6 ragged2e Package


LaTeX Warning: Command \@arrayparboxrestore  has changed.
               Check if current package is valid.

(c:/texlive/2025/texmf-dist/tex/latex/footmisc/footmisc.sty
Package: footmisc 2025/03/10 v7.0a a miscellany of footnote facilities

(c:/texlive/2025/texmf-dist/tex/latex/footmisc/footmisc-2022-02-14.sty
Package: footmisc 2024/12/24 v6.0g a miscellany of footnote facilities
\FN@temptoken=\toks26
\footnotemargin=\dimen170
\@outputbox@depth=\dimen171
Package footmisc Info: Declaring symbol style bringhurst on input line 699.
Package footmisc Info: Declaring symbol style chicago on input line 707.
Package footmisc Info: Declaring symbol style wiley on input line 716.
Package footmisc Info: Declaring symbol style lamport-robust on input line 727.

Package footmisc Info: Declaring symbol style lamport* on input line 747.
Package footmisc Info: Declaring symbol style lamport*-robust on input line 768
.
))
\CenteringLeftskip=\skip60
\RaggedLeftLeftskip=\skip61
\RaggedRightLeftskip=\skip62
\CenteringRightskip=\skip63
\RaggedLeftRightskip=\skip64
\RaggedRightRightskip=\skip65
\CenteringParfillskip=\skip66
\RaggedLeftParfillskip=\skip67
\RaggedRightParfillskip=\skip68
\JustifyingParfillskip=\skip69
\CenteringParindent=\skip70
\RaggedLeftParindent=\skip71
\RaggedRightParindent=\skip72
\JustifyingParindent=\skip73
)
(c:/texlive/2025/texmf-dist/tex/latex/caption/subcaption.sty
Package: subcaption 2023/07/28 v1.6b Sub-captions (AR)
Package caption Info: New subtype `subfigure' on input line 238.
\c@subfigure=\count307
Package caption Info: New subtype `subtable' on input line 238.
\c@subtable=\count308
)
(c:/texlive/2025/texmf-dist/tex/latex/mathtools/mathtools.sty
Package: mathtools 2024/10/04 v1.31 mathematical typesetting tools

(c:/texlive/2025/texmf-dist/tex/latex/tools/calc.sty
Package: calc 2023/07/08 v4.3 Infix arithmetic (KKT,FJ)
\calc@Acount=\count309
\calc@Bcount=\count310
\calc@Adimen=\dimen172
\calc@Bdimen=\dimen173
\calc@Askip=\skip74
\calc@Bskip=\skip75
LaTeX Info: Redefining \setlength on input line 80.
LaTeX Info: Redefining \addtolength on input line 81.
\calc@Ccount=\count311
\calc@Cskip=\skip76
)
(c:/texlive/2025/texmf-dist/tex/latex/mathtools/mhsetup.sty
Package: mhsetup 2021/03/18 v1.4 programming setup (MH)
)
\g_MT_multlinerow_int=\count312
\l_MT_multwidth_dim=\dimen174
\origjot=\skip77
\l_MT_shortvdotswithinadjustabove_dim=\dimen175
\l_MT_shortvdotswithinadjustbelow_dim=\dimen176
\l_MT_above_intertext_sep=\dimen177
\l_MT_below_intertext_sep=\dimen178
\l_MT_above_shortintertext_sep=\dimen179
\l_MT_below_shortintertext_sep=\dimen180
\xmathstrut@box=\box57
\xmathstrut@dim=\dimen181
)
\c@lecnum=\count313
\c@theorem=\count314

(c:/texlive/2025/texmf-dist/tex/latex/l3backend/l3backend-pdftex.def
File: l3backend-pdftex.def 2025-03-14 L3 backend support: PDF output (pdfTeX)
\l__color_backend_stack_int=\count315
)
(./Report.aux)
\openout1 = `Report.aux'.

LaTeX Font Info:    Checking defaults for OML/cmm/m/it on input line 119.
LaTeX Font Info:    ... okay on input line 119.
LaTeX Font Info:    Checking defaults for OMS/cmsy/m/n on input line 119.
LaTeX Font Info:    ... okay on input line 119.
LaTeX Font Info:    Checking defaults for OT1/cmr/m/n on input line 119.
LaTeX Font Info:    ... okay on input line 119.
LaTeX Font Info:    Checking defaults for T1/cmr/m/n on input line 119.
LaTeX Font Info:    ... okay on input line 119.
LaTeX Font Info:    Checking defaults for TS1/cmr/m/n on input line 119.
LaTeX Font Info:    ... okay on input line 119.
LaTeX Font Info:    Checking defaults for OMX/cmex/m/n on input line 119.
LaTeX Font Info:    ... okay on input line 119.
LaTeX Font Info:    Checking defaults for U/cmr/m/n on input line 119.
LaTeX Font Info:    ... okay on input line 119.
LaTeX Font Info:    Checking defaults for PD1/pdf/m/n on input line 119.
LaTeX Font Info:    ... okay on input line 119.
LaTeX Font Info:    Checking defaults for PU/pdf/m/n on input line 119.
LaTeX Font Info:    ... okay on input line 119.
 (c:/texlive/2025/texmf-dist/tex/context/base/mkii/supp-pdf.mkii
[Loading MPS to PDF converter (version 2006.09.02).]
\scratchcounter=\count316
\scratchdimen=\dimen182
\scratchbox=\box58
\nofMPsegments=\count317
\nofMParguments=\count318
\everyMPshowfont=\toks27
\MPscratchCnt=\count319
\MPscratchDim=\dimen183
\MPnumerator=\count320
\makeMPintoPDFobject=\count321
\everyMPtoPDFconversion=\toks28
) (c:/texlive/2025/texmf-dist/tex/latex/epstopdf-pkg/epstopdf-base.sty
Package: epstopdf-base 2020-01-24 v2.11 Base part for package epstopdf
Package epstopdf-base Info: Redefining graphics rule for `.eps' on input line 4
85.

(c:/texlive/2025/texmf-dist/tex/latex/latexconfig/epstopdf-sys.cfg
File: epstopdf-sys.cfg 2010/07/13 v1.3 Configuration of (r)epstopdf for TeX Liv
e
))
Package caption Info: Begin \AtBeginDocument code.
Package caption Info: hyperref package is loaded.
Package caption Info: End \AtBeginDocument code.

(c:/texlive/2025/texmf-dist/tex/latex/graphics/color.sty
Package: color 2024/06/23 v1.3e Standard LaTeX Color (DPC)

(c:/texlive/2025/texmf-dist/tex/latex/graphics-cfg/color.cfg
File: color.cfg 2016/01/02 v1.6 sample color configuration
)
Package color Info: Driver file: pdftex.def on input line 149.

(c:/texlive/2025/texmf-dist/tex/latex/graphics/mathcolor.ltx))
Package hyperref Info: Link coloring ON on input line 119.
 (./Report.out)
(./Report.out)
\@outlinefile=\write3
\openout3 = `Report.out'.

Package ragged2e Info: ABD: executing \RaggedRight on input line 119.
<media/hsi_remote_sensing.png, id=80, 518.53725pt x 435.42674pt>
File: media/hsi_remote_sensing.png Graphic file (type png)
<use media/hsi_remote_sensing.png>
Package pdftex.def Info: media/hsi_remote_sensing.png  used on input line 132.
(pdftex.def)             Requested size: 281.85585pt x 236.68164pt.


[1

{c:/texlive/2025/texmf-var/fonts/map/pdftex/updmap/pdftex.map} <./media/hsi_rem
ote_sensing.png>]
Overfull \hbox (0.63472pt too wide) in paragraph at lines 140--141
\OT1/cmr/m/n/10 dif-fer-ent re-gions in an im-age may re-quire dif-fer-ent lin-
ear pro-jec-tions for ef-fec-tive fea-ture ex-trac-tion. Specif- 
 []

LaTeX Font Info:    Trying to load font information for U+msa on input line 156
.
(c:/texlive/2025/texmf-dist/tex/latex/amsfonts/umsa.fd
File: umsa.fd 2013/01/14 v3.01 AMS symbols A
)
LaTeX Font Info:    Trying to load font information for U+msb on input line 156
.

(c:/texlive/2025/texmf-dist/tex/latex/amsfonts/umsb.fd
File: umsb.fd 2013/01/14 v3.01 AMS symbols B
)
Overfull \hbox (3.35338pt too wide) in paragraph at lines 166--167
[]\OT1/cmr/m/n/10 The ma-trix $\OML/cmm/m/it/10 W$ \OT1/cmr/m/n/10 is formed by
 se-lect-ing the eigen-vec-tors cor-re-spond-ing to the $\OML/cmm/m/it/10 d$ \O
T1/cmr/m/n/10 largest eigen-val-ues of $[](\OML/cmm/m/it/10 X\OT1/cmr/m/n/10 )$
. 
 []



[2]

[3{c:/texlive/2025/texmf-dist/fonts/enc/dvips/cm-super/cm-super-ts1.enc}]

[4]
Overfull \hbox (4.24585pt too wide) in paragraph at lines 255--256
\OT1/cmr/m/n/10 A fi-nal post-processing step en-sures spa-tial con-nec-tiv-ity
 by re-la-bel-ing small iso-lated re-gions to match neigh- 
 []


Overfull \hbox (2.6897pt too wide) in paragraph at lines 257--258
\OT1/cmr/m/n/10 widely used su-per-pix-eliza-tion al-go-rithms and is read-ily 
avail-able in pop-u-lar li-braries such as \OT1/cmtt/m/n/10 scikit-image\OT1/cm
r/m/n/10 .  
 []

<media/SuperPCA.png, id=136, 581.67313pt x 239.39438pt>
File: media/SuperPCA.png Graphic file (type png)
<use media/SuperPCA.png>
Package pdftex.def Info: media/SuperPCA.png  used on input line 265.
(pdftex.def)             Requested size: 375.80542pt x 154.66936pt.


[5 <./media/SuperPCA.png>]
Overfull \hbox (8.39964pt too wide) in paragraph at lines 276--277
\OT1/cmr/m/n/10 the same su-per-pixel. The sim-i-lar-ity be-tween $\OT1/cmr/bx/
n/10 x[]$ \OT1/cmr/m/n/10 and each neigh-bor $\OT1/cmr/bx/n/10 z[]$ \OT1/cmr/m/
n/10 is com-puted us-ing a Gaussian-weighted 
 []


Overfull \hbox (1.94025pt too wide) in paragraph at lines 290--291
[]\OT1/cmr/m/n/10 Once all pix-els are re-con-structed, PCA is ap-plied to each
 su-per-pixel re-gion to ex-tract lo-cal low-dimensional 
 []

<media/S3-PCA.png, id=148, 806.01125pt x 413.04312pt>
File: media/S3-PCA.png Graphic file (type png)
<use media/S3-PCA.png>
Package pdftex.def Info: media/S3-PCA.png  used on input line 294.
(pdftex.def)             Requested size: 422.77661pt x 216.6555pt.


[6 <./media/S3-PCA.png>]
<media/GroundTruth.png, id=166, 236.92516pt x 237.0456pt>
File: media/GroundTruth.png Graphic file (type png)
<use media/GroundTruth.png>
Package pdftex.def Info: media/GroundTruth.png  used on input line 311.
(pdftex.def)             Requested size: 112.74377pt x 112.80037pt.
<media/prelim_seg_img.png, id=167, 236.92516pt x 237.0456pt>
File: media/prelim_seg_img.png Graphic file (type png)
<use media/prelim_seg_img.png>
Package pdftex.def Info: media/prelim_seg_img.png  used on input line 315.
(pdftex.def)             Requested size: 112.74377pt x 112.80037pt.
<media/prelim_superpca_class_map.png, id=168, 236.92516pt x 237.0456pt>
File: media/prelim_superpca_class_map.png Graphic file (type png)
<use media/prelim_superpca_class_map.png>
Package pdftex.def Info: media/prelim_superpca_class_map.png  used on input lin
e 319.
(pdftex.def)             Requested size: 112.74377pt x 112.80037pt.
<media/prelim_s3pca_class_map.png, id=169, 236.92516pt x 237.0456pt>
File: media/prelim_s3pca_class_map.png Graphic file (type png)
<use media/prelim_s3pca_class_map.png>
Package pdftex.def Info: media/prelim_s3pca_class_map.png  used on input line 3
23.
(pdftex.def)             Requested size: 112.74377pt x 112.80037pt.


[7 <./media/GroundTruth.png> <./media/prelim_seg_img.png> <./media/prelim_super
pca_class_map.png> <./media/prelim_s3pca_class_map.png>]
Overfull \hbox (0.9404pt too wide) in paragraph at lines 335--336
\OT1/cmr/m/n/10 fully repli-cated, and the al-go-rithm was used to find op-ti-m
al hy-per-pa-ram-e-ters and eval-u-ate its per-for-mance. 
 []


Overfull \hbox (7.99586pt too wide) in paragraph at lines 346--347
\OT1/cmr/m/n/10 We first in-ves-ti-gate the in-flu-ence of the num-ber of su-pe
r-pix-els on the per-for-mance of the Su-per-PCA method. 
 []


Overfull \hbox (18.89824pt too wide) in paragraph at lines 346--347
\OT1/cmr/m/n/10 Di-men-sion-al-ity re-duc-tion is per-formed with Su-per-PCA us
-ing $\OML/cmm/m/it/10 S \OT1/cmr/m/n/10 = \OMS/cmsy/m/n/10 f\OT1/cmr/m/n/10 1\
OML/cmm/m/it/10 ; \OT1/cmr/m/n/10 3\OML/cmm/m/it/10 ; \OT1/cmr/m/n/10 5\OML/cmm
/m/it/10 ; \OT1/cmr/m/n/10 10\OML/cmm/m/it/10 ; \OT1/cmr/m/n/10 20\OML/cmm/m/it
/10 ; \OT1/cmr/m/n/10 30\OML/cmm/m/it/10 ; \OT1/cmr/m/n/10 40\OML/cmm/m/it/10 ;
 \OT1/cmr/m/n/10 50\OML/cmm/m/it/10 ; \OT1/cmr/m/n/10 75\OML/cmm/m/it/10 ; \OT1
/cmr/m/n/10 100\OML/cmm/m/it/10 ; \OT1/cmr/m/n/10 150\OML/cmm/m/it/10 ; \OT1/cm
r/m/n/10 200\OML/cmm/m/it/10 ; \OT1/cmr/m/n/10 300\OMS/cmsy/m/n/10 g$ 
 []

<media/Exp1_T_5.png, id=186, 361.35pt x 289.08pt>
File: media/Exp1_T_5.png Graphic file (type png)
<use media/Exp1_T_5.png>
Package pdftex.def Info: media/Exp1_T_5.png  used on input line 353.
(pdftex.def)             Requested size: 187.89912pt x 150.31804pt.
<media/Exp1_T_10.png, id=187, 361.35pt x 289.08pt>
File: media/Exp1_T_10.png Graphic file (type png)
<use media/Exp1_T_10.png>
Package pdftex.def Info: media/Exp1_T_10.png  used on input line 357.
(pdftex.def)             Requested size: 187.89912pt x 150.31804pt.
<media/Exp1_T_20.png, id=188, 361.35pt x 289.08pt>
File: media/Exp1_T_20.png Graphic file (type png)
<use media/Exp1_T_20.png>
Package pdftex.def Info: media/Exp1_T_20.png  used on input line 361.
(pdftex.def)             Requested size: 187.89912pt x 150.31804pt.
<media/Exp1_T_30.png, id=189, 361.35pt x 289.08pt>
File: media/Exp1_T_30.png Graphic file (type png)
<use media/Exp1_T_30.png>
Package pdftex.def Info: media/Exp1_T_30.png  used on input line 365.
(pdftex.def)             Requested size: 187.89912pt x 150.31804pt.

LaTeX Warning: `!h' float specifier changed to `!ht'.



[8]
<media/Exp2a.png, id=197, 361.35pt x 289.08pt>
File: media/Exp2a.png Graphic file (type png)
<use media/Exp2a.png>
Package pdftex.def Info: media/Exp2a.png  used on input line 379.
(pdftex.def)             Requested size: 187.89912pt x 150.31804pt.
<media/Exp2b.png, id=198, 361.35pt x 289.08pt>
File: media/Exp2b.png Graphic file (type png)
<use media/Exp2b.png>
Package pdftex.def Info: media/Exp2b.png  used on input line 384.
(pdftex.def)             Requested size: 187.89912pt x 150.31804pt.


LaTeX Warning: `!h' float specifier changed to `!ht'.



[9 <./media/Exp1_T_5.png> <./media/Exp1_T_10.png> <./media/Exp1_T_20.png> <./me
dia/Exp1_T_30.png>]
<media/Exp3.png, id=210, 361.35pt x 289.08pt>
File: media/Exp3.png Graphic file (type png)
<use media/Exp3.png>
Package pdftex.def Info: media/Exp3.png  used on input line 405.
(pdftex.def)             Requested size: 187.89912pt x 150.31804pt.
<media/exp3_raw_class_map.png, id=211, 236.92516pt x 237.0456pt>
File: media/exp3_raw_class_map.png Graphic file (type png)
<use media/exp3_raw_class_map.png>
Package pdftex.def Info: media/exp3_raw_class_map.png  used on input line 413.
(pdftex.def)             Requested size: 112.74377pt x 112.80037pt.
<media/exp3_pca_class_map.png, id=212, 236.92516pt x 237.0456pt>
File: media/exp3_pca_class_map.png Graphic file (type png)
<use media/exp3_pca_class_map.png>
Package pdftex.def Info: media/exp3_pca_class_map.png  used on input line 417.
(pdftex.def)             Requested size: 112.74377pt x 112.80037pt.
<media/exp3_superpca_class_map.png, id=213, 236.92516pt x 237.0456pt>
File: media/exp3_superpca_class_map.png Graphic file (type png)
<use media/exp3_superpca_class_map.png>
Package pdftex.def Info: media/exp3_superpca_class_map.png  used on input line 
421.
(pdftex.def)             Requested size: 112.74377pt x 112.80037pt.
<media/exp3_s3pca_class_map.png, id=214, 236.92516pt x 237.0456pt>
File: media/exp3_s3pca_class_map.png Graphic file (type png)
<use media/exp3_s3pca_class_map.png>
Package pdftex.def Info: media/exp3_s3pca_class_map.png  used on input line 425
.
(pdftex.def)             Requested size: 112.74377pt x 112.80037pt.


LaTeX Warning: `!h' float specifier changed to `!ht'.


Underfull \vbox (badness 4582) has occurred while \output is active []



[10 <./media/Exp2a.png> <./media/Exp2b.png> <./media/Exp3.png>]

Package hyperref Warning: Difference (2) between bookmark levels is greater 
(hyperref)                than one, level fixed on input line 439.



[11 <./media/exp3_raw_class_map.png> <./media/exp3_pca_class_map.png> <./media/
exp3_superpca_class_map.png> <./media/exp3_s3pca_class_map.png>]
<media/exp4_seg_img.png, id=238, 361.35pt x 289.08pt>
File: media/exp4_seg_img.png Graphic file (type png)
<use media/exp4_seg_img.png>
Package pdftex.def Info: media/exp4_seg_img.png  used on input line 456.
(pdftex.def)             Requested size: 187.89912pt x 150.31804pt.
<media/Exp4.png, id=239, 361.35pt x 289.08pt>
File: media/Exp4.png Graphic file (type png)
<use media/Exp4.png>
Package pdftex.def Info: media/Exp4.png  used on input line 460.
(pdftex.def)             Requested size: 187.89912pt x 150.31804pt.

Overfull \hbox (1.07913pt too wide) in paragraph at lines 471--472
\OT1/cmr/m/n/10 To study the in-flu-ence of the re-con-struc-tion cri-te-rion i
n S3-PCA, we per-form ex-per-i-ments us-ing ERS (HSI) 
 []


Overfull \hbox (0.6347pt too wide) in paragraph at lines 471--472
\OT1/cmr/m/n/10 tion [][]2.1.5[][]. In ad-di-tion to this, we in-ves-ti-gate tw
o al-ter-na-tive weight-ing schemes: one based on spa-tial prox- 
 []

<media/Exp5.png, id=244, 361.35pt x 289.08pt>
File: media/Exp5.png Graphic file (type png)
<use media/Exp5.png>
Package pdftex.def Info: media/Exp5.png  used on input line 477.
(pdftex.def)             Requested size: 187.89912pt x 150.31804pt.

LaTeX Warning: `!h' float specifier changed to `!ht'.



[12 <./media/exp4_seg_img.png> <./media/Exp4.png>] (./Report.bbl
Underfull \vbox (badness 10000) has occurred while \output is active []



[13 <./media/Exp5.png>])

[14] (./Report.aux)
 ***********
LaTeX2e <2024-11-01> patch level 2
L3 programming layer <2025-03-26>
 ***********
Package rerunfilecheck Info: File `Report.out' has not changed.
(rerunfilecheck)             Checksum: A150F1A5D46AABABC40C8D0A84F3B7FF;4528.
 ) 
Here is how much of TeX's memory you used:
 12908 strings out of 469626
 206843 string characters out of 5475183
 598139 words of memory out of 5000000
 39489 multiletter control sequences out of 15000+600000
 636051 words of font info for 75 fonts, out of 8000000 for 9000
 1141 hyphenation exceptions out of 8191
 75i,8n,79p,970b,547s stack positions out of 10000i,1000n,20000p,200000b,200000s
<c:/texlive/2025/texmf-dist/fonts/type1/public/amsfonts/cm/cmbx10.pfb><c:/tex
live/2025/texmf-dist/fonts/type1/public/amsfonts/cm/cmbx12.pfb><c:/texlive/2025
/texmf-dist/fonts/type1/public/amsfonts/cm/cmex10.pfb><c:/texlive/2025/texmf-di
st/fonts/type1/public/amsfonts/cm/cmmi10.pfb><c:/texlive/2025/texmf-dist/fonts/
type1/public/amsfonts/cm/cmmi5.pfb><c:/texlive/2025/texmf-dist/fonts/type1/publ
ic/amsfonts/cm/cmmi7.pfb><c:/texlive/2025/texmf-dist/fonts/type1/public/amsfont
s/cm/cmr10.pfb><c:/texlive/2025/texmf-dist/fonts/type1/public/amsfonts/cm/cmr12
.pfb><c:/texlive/2025/texmf-dist/fonts/type1/public/amsfonts/cm/cmr6.pfb><c:/te
xlive/2025/texmf-dist/fonts/type1/public/amsfonts/cm/cmr7.pfb><c:/texlive/2025/
texmf-dist/fonts/type1/public/amsfonts/cm/cmr9.pfb><c:/texlive/2025/texmf-dist/
fonts/type1/public/amsfonts/cm/cmsy10.pfb><c:/texlive/2025/texmf-dist/fonts/typ
e1/public/amsfonts/cm/cmsy7.pfb><c:/texlive/2025/texmf-dist/fonts/type1/public/
amsfonts/cm/cmti10.pfb><c:/texlive/2025/texmf-dist/fonts/type1/public/amsfonts/
cm/cmtt10.pfb><c:/texlive/2025/texmf-dist/fonts/type1/public/amsfonts/cm/cmtt8.
pfb><c:/texlive/2025/texmf-dist/fonts/type1/public/amsfonts/symbols/msbm10.pfb>
<c:/texlive/2025/texmf-dist/fonts/type1/public/cm-super/sfrm1000.pfb>
Output written on Report.pdf (14 pages, 3698526 bytes).
PDF statistics:
 358 PDF objects out of 1000 (max. 8388607)
 258 compressed objects within 3 object streams
 64 named destinations out of 1000 (max. 500000)
 258 words of extra memory for PDF output out of 10000 (max. 10000000)

